// Jest Snapshot v1, https://goo.gl/fbAQLP

exports[`should match to SearchResultCard snapshots 1`] = `
<DocumentFragment>
  <ion-card>
    <ion-card-header
      color="medium"
    >
      <ion-card-title>
        The Lord of the Rings: The Return of the King
      </ion-card-title>
    </ion-card-header>
    <ion-card-content>
      <ion-item
        lines="none"
      >
        <ion-icon
          icon="data:image/svg+xml;utf8,<svg xmlns='http://www.w3.org/2000/svg' class='ionicon' viewBox='0 0 512 512'><title>Star</title><path d='M394 480a16 16 0 01-9.39-3L256 383.76 127.39 477a16 16 0 01-24.55-18.08L153 310.35 23 221.2a16 16 0 019-29.2h160.38l48.4-148.95a16 16 0 0130.44 0l48.4 149H480a16 16 0 019.05 29.2L359 310.35l50.13 148.53A16 16 0 01394 480z'/></svg>"
          size="small"
          slot="start"
        />
        <ion-label>
          8.5
        </ion-label>
      </ion-item>
      <ion-item
        lines="none"
      >
        <ion-icon
          icon="data:image/svg+xml;utf8,<svg xmlns='http://www.w3.org/2000/svg' class='ionicon' viewBox='0 0 512 512'><title>Pricetag</title><path d='M467 45.2A44.45 44.45 0 00435.29 32H312.36a30.63 30.63 0 00-21.52 8.89L45.09 286.59a44.82 44.82 0 000 63.32l117 117a44.83 44.83 0 0063.34 0l245.65-245.6A30.6 30.6 0 00480 199.8v-123a44.24 44.24 0 00-13-31.6zM384 160a32 32 0 1132-32 32 32 0 01-32 32z'/></svg>"
          size="small"
          slot="start"
        />
        <ion-label>
          Adventure, Fantasy, Action
        </ion-label>
      </ion-item>
    </ion-card-content>
  </ion-card>
</DocumentFragment>
`;
